// Jest Snapshot v1, https://goo.gl/fbAQLP

exports[`renders correctly 1`] = `
Array [
  <div
    className="sxctf-home-nav-bar"
  >
    <figure
      className="sxctf-logo"
    >
      <img
        onClick={[Function]}
        src="test-file-stub"
      />
    </figure>
    <h1
      onClick={[Function]}
    >
      SaintsXCTF
    </h1>
    <div
      className="sxctf-nav-buttons"
    >
      <div
        className="ajBaseButton-0-2-4 ajBaseButtonEnabled-0-2-5 aj-text-button ajTextButton-0-2-1 ajTextButtonEnabled-0-2-2"
        onClick={[Function]}
      >
        <button
          disabled={false}
          type="button"
        >
          About
        </button>
      </div>
      <div
        className="ajBaseButton-0-2-4 ajBaseButtonEnabled-0-2-5 aj-text-button ajTextButton-0-2-1 ajTextButtonEnabled-0-2-2"
        onClick={[Function]}
      >
        <button
          disabled={false}
          type="button"
        >
          Testimonials
        </button>
      </div>
      <div
        className="ajBaseButton-0-2-4 ajBaseButtonEnabled-0-2-5 aj-outlined-button ajOutlinedButton-0-2-7 ajOutlinedButtonEnabled-0-2-8"
        onClick={[Function]}
      >
        <button
          disabled={false}
          type="button"
        >
          Sign Up
        </button>
      </div>
      <div
        className="ajBaseButton-0-2-4 ajBaseButtonEnabled-0-2-5 aj-contained-button ajContainedButton-0-2-10 ajContainedButtonEnabled-0-2-11"
        onClick={[Function]}
      >
        <button
          disabled={false}
          type="button"
        >
          Log In
        </button>
      </div>
    </div>
    <div
      className="sxctf-nav-hamburger"
    >
      <div
        className="aj-mobile-hamburger ajMobileHamburger-0-2-13"
        onClick={[Function]}
      >
        <button
          type="button"
        >
          <span
            className="aj-mobile-hamburger-inactive ajMobileHamburgerInactive-0-2-15"
          />
        </button>
      </div>
    </div>
  </div>,
  <div
    className="sxctf-nav-dropdown"
  >
    <div
      className="ajNavList-0-2-16 aj-nav-list"
    >
      <div
        className="ajNavListItem-0-2-17 aj-nav-list-item"
      >
        <div
          onClick={[Function]}
        >
          <div>
            About
          </div>
        </div>
      </div>
      <div
        className="ajNavListItem-0-2-17 aj-nav-list-item"
      >
        <div
          onClick={[Function]}
        >
          <div>
            Testimonials
          </div>
        </div>
      </div>
      <div
        className="ajNavListItem-0-2-17 aj-nav-list-item"
      >
        <div
          onClick={[Function]}
        >
          <div>
            Sign Up
          </div>
        </div>
      </div>
      <div
        className="ajNavListItem-0-2-17 aj-nav-list-item"
      >
        <div
          onClick={[Function]}
        >
          <div>
            Log In
          </div>
        </div>
      </div>
      <div
        className="ajNavListItem-0-2-17 aj-nav-list-item ajNavListLastItem-0-2-18 aj-nav-list-last-item"
      >
        <div
          onClick={[Function]}
        >
          <div>
            <img
              className="mobile-dropdown-logo"
              src="test-file-stub"
            />
          </div>
        </div>
      </div>
    </div>
  </div>,
]
`;
