// Jest Snapshot v1, https://goo.gl/fbAQLP

exports[`renders correctly 1`] = `
<div
  className="sxctf-home-body"
>
  <div>
    <h2>
      Cross Country and Track & Field Team Exercise Logs
    </h2>
    <div
      className="options"
    >
      <div
        className="ajBaseButton-0-2-4 ajBaseButtonEnabled-0-2-5 aj-contained-button ajContainedButton-0-2-1 ajContainedButtonEnabled-0-2-2"
      >
        <button
          disabled={false}
          type="button"
        >
          Try the Demo
        </button>
      </div>
      <div
        className="ajBaseButton-0-2-4 ajBaseButtonEnabled-0-2-5 aj-text-button ajTextButton-0-2-7 ajTextButtonEnabled-0-2-8"
      >
        <button
          disabled={false}
          type="button"
        >
          Get Started
        </button>
      </div>
    </div>
  </div>
</div>
`;
