// Jest Snapshot v1, https://goo.gl/fbAQLP

exports[`LeaderboardItem Snapshot Tests renders correctly 1`] = `
<div
  className="leaderboardItem-0-1-1"
>
  <p
    className="itemName-0-1-2"
  >
    Andy
     
    Jarombek
  </p>
  <div
    className="bar-0-1-3"
  >
    <div
      className="barBackground-0-1-4"
    />
    <div
      className="barFill-0-1-5 barFill-d0-0-1-8"
    >
      <p
        className="textInner-0-1-6"
      >
        40.00
      </p>
    </div>
  </div>
</div>
`;
