// Jest Snapshot v1, https://goo.gl/fbAQLP

exports[`renders correctly 1`] = `
<div
  className="sxctf-home-body"
>
  <div>
    <h2>
      Cross Country and Track & Field Team Exercise Logs
    </h2>
    <div
      className="options"
    >
      <div
        className="ajBaseButton-0-2-4 ajBaseButtonEnabled-0-2-5 aj-text-button ajTextButton-0-2-1 ajTextButtonEnabled-0-2-2"
        onClick={[Function]}
      >
        <button
          disabled={false}
          type="button"
        >
          Get Started
        </button>
      </div>
    </div>
  </div>
</div>
`;
