// Jest Snapshot v1, https://goo.gl/fbAQLP

exports[`renders correctly 1`] = `
<div
  className="sxctf-home-testimonials"
  id="testimonials"
>
  <div
    className="sxctf-testimonial"
  >
    <p>
      "
      Yeah I guess this website is pretty cool
      "
    </p>
    <div>
      <figure>
        <img
          alt=""
          loading="lazy"
          src="/asset/thomas-c.jpg"
        />
      </figure>
    </div>
    <p>
      Thomas Caulfield
    </p>
    <p>
      2x Cross Country All-American, 1x Outdoor Track All-American
    </p>
  </div>
  <div
    className="sxctf-testimonial"
  >
    <p>
      "
      I love it!! I wish there was a place for me to log kale consumption though..
      "
    </p>
    <div>
      <figure>
        <img
          alt=""
          loading="lazy"
          src="/asset/lisa-g.jpg"
        />
      </figure>
    </div>
    <p>
      Lisa Grohn
    </p>
    <p>
      4x All-American
    </p>
  </div>
  <div
    className="sxctf-testimonial"
  >
    <p>
      "
      What Lisa said.
      "
    </p>
    <div>
      <figure>
        <img
          alt=""
          loading="lazy"
          src="/asset/evan-g.jpg"
        />
      </figure>
    </div>
    <p>
      Evan Garvey
    </p>
    <p>
      Kombucha Lover
    </p>
  </div>
  <div
    className="sxctf-testimonial"
  >
    <p>
      "
      Yeeeeeeeeehawwwwwwww
      "
    </p>
    <div>
      <figure>
        <img
          alt=""
          loading="lazy"
          src="/asset/trevor-b.jpg"
        />
      </figure>
    </div>
    <p>
      Trevor Bibb
    </p>
    <p>
      Athlete
    </p>
  </div>
</div>
`;
