// Jest Snapshot v1, https://goo.gl/fbAQLP

exports[`Home Snapshot Tests renders correctly 1`] = `
<div
  className="sxctf-home"
>
  <div
    className="sxctf-nav-bar sxctf-nav-bar-dropdown-hidden"
  >
    <figure
      className="sxctf-logo"
    >
      <img
        alt=""
        onClick={[Function]}
        src="test-file-stub"
      />
    </figure>
    <h1
      onClick={[Function]}
    >
      SaintsXCTF
    </h1>
    <div
      className="sxctf-nav-buttons"
    >
      <div
        className="ajBaseButton-2-2-4 ajBaseButtonEnabled-2-2-5 aj-text-button ajTextButton-2-2-1 ajTextButtonEnabled-2-2-2 aboutButton"
        onClick={[Function]}
      >
        <button
          disabled={false}
          type="button"
        >
          About
        </button>
      </div>
      <div
        className="ajBaseButton-2-2-4 ajBaseButtonEnabled-2-2-5 aj-text-button ajTextButton-2-2-1 ajTextButtonEnabled-2-2-2 testimonialsButton"
        onClick={[Function]}
      >
        <button
          disabled={false}
          type="button"
        >
          Testimonials
        </button>
      </div>
      <div
        className="ajBaseButton-2-2-4 ajBaseButtonEnabled-2-2-5 aj-outlined-button ajOutlinedButton-2-2-7 ajOutlinedButtonEnabled-2-2-8 registerButton"
        onClick={[Function]}
      >
        <button
          disabled={false}
          type="button"
        >
          Register
        </button>
      </div>
      <div
        className="ajBaseButton-2-2-4 ajBaseButtonEnabled-2-2-5 aj-contained-button ajContainedButton-2-2-10 ajContainedButtonEnabled-2-2-11 signInButton"
        onClick={[Function]}
      >
        <button
          disabled={false}
          type="button"
        >
          Sign In
        </button>
      </div>
    </div>
    <div
      className="sxctf-nav-hamburger"
    >
      <div
        className="aj-mobile-hamburger ajMobileHamburger-2-2-13"
        onClick={[Function]}
      >
        <button
          type="button"
        >
          <span
            className="aj-mobile-hamburger-inactive ajMobileHamburgerInactive-2-2-15"
          />
        </button>
      </div>
    </div>
  </div>
  <div
    className="sxctf-nav-dropdown sxctf-nav-dropdown-hidden"
  >
    <div
      className="ajNavList-2-2-16 aj-nav-list"
    >
      <div
        className="ajNavListItem-2-2-17 aj-nav-list-item"
      >
        <div
          onClick={[Function]}
        >
          <div>
            About
          </div>
        </div>
      </div>
      <div
        className="ajNavListItem-2-2-17 aj-nav-list-item"
      >
        <div
          onClick={[Function]}
        >
          <div>
            Testimonials
          </div>
        </div>
      </div>
      <div
        className="ajNavListItem-2-2-17 aj-nav-list-item"
      >
        <div
          onClick={[Function]}
        >
          <div>
            Register
          </div>
        </div>
      </div>
      <div
        className="ajNavListItem-2-2-17 aj-nav-list-item"
      >
        <div
          onClick={[Function]}
        >
          <div>
            Sign In
          </div>
        </div>
      </div>
      <div
        className="ajNavListItem-2-2-17 aj-nav-list-item ajNavListLastItem-2-2-18 aj-nav-list-last-item"
      >
        <div
          onClick={[Function]}
        >
          <div>
            <img
              alt=""
              className="mobile-dropdown-logo"
              src="test-file-stub"
            />
          </div>
        </div>
      </div>
    </div>
  </div>
  <div
    className="sxctf-home-body"
  >
    <div>
      <h2>
        Cross Country and Track & Field Team Exercise Logs
      </h2>
      <div
        className="options"
      >
        <div
          className="ajBaseButton-2-2-4 ajBaseButtonEnabled-2-2-5 aj-text-button ajTextButton-2-2-1 ajTextButtonEnabled-2-2-2"
        >
          <button
            disabled={false}
            type="button"
          >
            Get Started
          </button>
        </div>
      </div>
    </div>
  </div>
  <div
    className="sxctf-home-overlay"
  >
     
  </div>
  <img
    alt=""
    className="sxctf-home-background-img"
    src="https://asset.saintsxctf.com/mens-background.jpg"
  />
  <video
    autoPlay={true}
    className="sxctf-home-background-video"
    loop={true}
    muted={true}
    playsInline={true}
    src="test-file-stub"
  />
  <div
    className="sxctf-home-about"
    id="about"
  >
    <div
      className="description"
    >
      <p>
        SaintsXCTF was created during my time running Cross Country & Track at St. Lawrence University.  The team needed a training log where coaches and athletes could view and comment on each others workouts.  We knew a shared logging platform would be especially useful during summer training when the team was apart.
      </p>
      <p>
        What started as a spare time project during my Senior year of college has transformed into a sophisticated exercise logging platform both on the web and mobile devices.  I hope you and your team finds SaintsXCTF to be a helpful and fun tool.
      </p>
    </div>
    <p
      className="signature"
    >
      Andrew Jarombek
    </p>
    <p
      className="print"
    >
      Andrew Jarombek, Application Creator
    </p>
  </div>
  <div
    className="sxctf-home-apps"
  >
    <p>
      SaintsXCTF has iOS and Android apps in these app stores
    </p>
    <div
      className="app-stores"
    >
      <a
        href="#"
      >
        <figure>
          <img
            src="https://asset.saintsxctf.com/app-store.png"
          />
        </figure>
      </a>
      <a
        href="#"
      >
        <figure>
          <img
            src="https://asset.saintsxctf.com/google-play-store.svg"
          />
        </figure>
      </a>
      <a
        href="#"
      >
        <figure>
          <img
            src="https://asset.saintsxctf.com/amazon-app-store.png"
          />
        </figure>
      </a>
    </div>
  </div>
  <div
    className="sxctf-home-testimonials"
    id="testimonials"
  >
    <div
      className="sxctf-testimonial"
    >
      <p>
        "
        Yeah I guess this website is pretty cool
        "
      </p>
      <div>
        <figure>
          <img
            alt=""
            loading="lazy"
            src="https://asset.saintsxctf.com/thomas-c.jpg"
          />
        </figure>
      </div>
      <p>
        Thomas Caulfield
      </p>
      <p>
        2x Cross Country All-American, 1x Outdoor Track All-American
      </p>
    </div>
    <div
      className="sxctf-testimonial"
    >
      <p>
        "
        I love it!! I wish there was a place for me to log kale consumption though..
        "
      </p>
      <div>
        <figure>
          <img
            alt=""
            loading="lazy"
            src="https://asset.saintsxctf.com/lisa-g.jpg"
          />
        </figure>
      </div>
      <p>
        Lisa Grohn
      </p>
      <p>
        4x All-American
      </p>
    </div>
    <div
      className="sxctf-testimonial"
    >
      <p>
        "
        What Lisa said.
        "
      </p>
      <div>
        <figure>
          <img
            alt=""
            loading="lazy"
            src="https://asset.saintsxctf.com/evan-g.jpg"
          />
        </figure>
      </div>
      <p>
        Evan Garvey
      </p>
      <p>
        Kombucha Lover
      </p>
    </div>
    <div
      className="sxctf-testimonial"
    >
      <p>
        "
        I refuse to use this website as it was created in or around NYC.
        "
      </p>
      <div>
        <figure>
          <img
            alt=""
            loading="lazy"
            src="https://asset.saintsxctf.com/joe-s.jpg"
          />
        </figure>
      </div>
      <p>
        Joe Smith
      </p>
      <p>
        10th Place at 2015 Cross Country Nationals and #1 Red Sox Fan
      </p>
    </div>
    <div
      className="sxctf-testimonial"
    >
      <p>
        "
        I don't surf the web too often but I sure do love planting carrots.
        "
      </p>
      <div>
        <figure>
          <img
            alt=""
            loading="lazy"
            src="https://asset.saintsxctf.com/ben-f.jpg"
          />
        </figure>
      </div>
      <p>
        Ben Fishbein
      </p>
      <p>
        Farmer
      </p>
    </div>
    <div
      className="sxctf-testimonial"
    >
      <p>
        "
        Yeeeeeeeeehawwwwwwww
        "
      </p>
      <div>
        <figure>
          <img
            alt=""
            loading="lazy"
            src="https://asset.saintsxctf.com/trevor-b.jpg"
          />
        </figure>
      </div>
      <p>
        Trevor Bibb
      </p>
      <p>
        Athlete
      </p>
    </div>
  </div>
  <div
    className="sxctf-home-footer"
  >
    <a
      className="contact-us-link"
      href="mailto:andrew@jarombek.com"
    >
      Contact Us
    </a>
    <a
      className="sxctf-logo-link"
      href="#"
    >
      <figure
        className="sxctf-logo"
      >
        <img
          src="test-file-stub"
        />
      </figure>
    </a>
  </div>
</div>
`;
