// Jest Snapshot v1, https://goo.gl/fbAQLP

exports[`Month Snapshot Tests renders correctly 1`] = `
<div
  className="month-0-1-1"
>
  <div
    className="week-0-1-2"
  >
    <div
      className="day-0-1-3 currentMonth-0-1-5"
    >
      <div>
        <p
          className="dayOfMonth-0-1-6"
        >
          1
        </p>
      </div>
    </div>
    <div
      className="day-0-1-3 currentMonth-0-1-5 feel-0-1-4 feel-d1-0-1-9"
    >
      <div>
        <p
          className="dayOfMonth-0-1-6"
        >
          2
        </p>
        <div
          className="miles-0-1-7"
        >
          <p>
            4.50
          </p>
          <p>
            Miles
          </p>
        </div>
      </div>
    </div>
    <div
      className="day-0-1-3 currentMonth-0-1-5 feel-0-1-4 feel-d2-0-1-10"
    >
      <div>
        <p
          className="dayOfMonth-0-1-6"
        >
          3
        </p>
        <div
          className="miles-0-1-7"
        >
          <p>
            5.45
          </p>
          <p>
            Miles
          </p>
        </div>
      </div>
    </div>
    <div
      className="day-0-1-3 currentMonth-0-1-5 feel-0-1-4 feel-d3-0-1-11"
    >
      <div>
        <p
          className="dayOfMonth-0-1-6"
        >
          4
        </p>
        <div
          className="miles-0-1-7"
        >
          <p>
            5.45
          </p>
          <p>
            Miles
          </p>
        </div>
      </div>
    </div>
    <div
      className="day-0-1-3 currentMonth-0-1-5 feel-0-1-4 feel-d4-0-1-12"
    >
      <div>
        <p
          className="dayOfMonth-0-1-6"
        >
          5
        </p>
        <div
          className="miles-0-1-7"
        >
          <p>
            6.30
          </p>
          <p>
            Miles
          </p>
        </div>
      </div>
    </div>
    <div
      className="day-0-1-3 currentMonth-0-1-5 feel-0-1-4 feel-d5-0-1-13"
    >
      <div>
        <p
          className="dayOfMonth-0-1-6"
        >
          6
        </p>
        <div
          className="miles-0-1-7"
        >
          <p>
            6.01
          </p>
          <p>
            Miles
          </p>
        </div>
      </div>
    </div>
    <div
      className="day-0-1-3 currentMonth-0-1-5"
    >
      <div>
        <p
          className="dayOfMonth-0-1-6"
        >
          7
        </p>
      </div>
    </div>
    <div
      className="weekTotal-0-1-15"
    >
      <div
        className="miles-0-1-16"
      >
        <p>
          27.71
        </p>
        <p>
          Miles
        </p>
      </div>
    </div>
  </div>
  <div
    className="week-0-1-2"
  >
    <div
      className="day-0-1-3 currentMonth-0-1-5"
    >
      <div>
        <p
          className="dayOfMonth-0-1-6"
        >
          8
        </p>
      </div>
    </div>
    <div
      className="day-0-1-3 currentMonth-0-1-5"
    >
      <div>
        <p
          className="dayOfMonth-0-1-6"
        >
          9
        </p>
      </div>
    </div>
    <div
      className="day-0-1-3 currentMonth-0-1-5"
    >
      <div>
        <p
          className="dayOfMonth-0-1-6"
        >
          10
        </p>
      </div>
    </div>
    <div
      className="day-0-1-3 currentMonth-0-1-5"
    >
      <div>
        <p
          className="dayOfMonth-0-1-6"
        >
          11
        </p>
      </div>
    </div>
    <div
      className="day-0-1-3 currentMonth-0-1-5"
    >
      <div>
        <p
          className="dayOfMonth-0-1-6"
        >
          12
        </p>
      </div>
    </div>
    <div
      className="day-0-1-3 currentMonth-0-1-5"
    >
      <div>
        <p
          className="dayOfMonth-0-1-6"
        >
          13
        </p>
      </div>
    </div>
    <div
      className="day-0-1-3 currentMonth-0-1-5"
    >
      <div>
        <p
          className="dayOfMonth-0-1-6"
        >
          14
        </p>
      </div>
    </div>
    <div
      className="weekTotal-0-1-15"
    >
      <div
        className="miles-0-1-16"
      >
        <p>
          0.00
        </p>
        <p>
          Miles
        </p>
      </div>
    </div>
  </div>
  <div
    className="week-0-1-2"
  >
    <div
      className="day-0-1-3 currentMonth-0-1-5"
    >
      <div>
        <p
          className="dayOfMonth-0-1-6"
        >
          15
        </p>
      </div>
    </div>
    <div
      className="day-0-1-3 currentMonth-0-1-5"
    >
      <div>
        <p
          className="dayOfMonth-0-1-6"
        >
          16
        </p>
      </div>
    </div>
    <div
      className="day-0-1-3 currentMonth-0-1-5"
    >
      <div>
        <p
          className="dayOfMonth-0-1-6"
        >
          17
        </p>
      </div>
    </div>
    <div
      className="day-0-1-3 currentMonth-0-1-5"
    >
      <div>
        <p
          className="dayOfMonth-0-1-6"
        >
          18
        </p>
      </div>
    </div>
    <div
      className="day-0-1-3 currentMonth-0-1-5"
    >
      <div>
        <p
          className="dayOfMonth-0-1-6"
        >
          19
        </p>
      </div>
    </div>
    <div
      className="day-0-1-3 currentMonth-0-1-5"
    >
      <div>
        <p
          className="dayOfMonth-0-1-6"
        >
          20
        </p>
      </div>
    </div>
    <div
      className="day-0-1-3 currentMonth-0-1-5"
    >
      <div>
        <p
          className="dayOfMonth-0-1-6"
        >
          21
        </p>
      </div>
    </div>
    <div
      className="weekTotal-0-1-15"
    >
      <div
        className="miles-0-1-16"
      >
        <p>
          0.00
        </p>
        <p>
          Miles
        </p>
      </div>
    </div>
  </div>
  <div
    className="week-0-1-2"
  >
    <div
      className="day-0-1-3 currentMonth-0-1-5"
    >
      <div>
        <p
          className="dayOfMonth-0-1-6"
        >
          22
        </p>
      </div>
    </div>
    <div
      className="day-0-1-3 currentMonth-0-1-5"
    >
      <div>
        <p
          className="dayOfMonth-0-1-6"
        >
          23
        </p>
      </div>
    </div>
    <div
      className="day-0-1-3 currentMonth-0-1-5"
    >
      <div>
        <p
          className="dayOfMonth-0-1-6"
        >
          24
        </p>
      </div>
    </div>
    <div
      className="day-0-1-3 currentMonth-0-1-5"
    >
      <div>
        <p
          className="dayOfMonth-0-1-6"
        >
          25
        </p>
      </div>
    </div>
    <div
      className="day-0-1-3 currentMonth-0-1-5"
    >
      <div>
        <p
          className="dayOfMonth-0-1-6"
        >
          26
        </p>
      </div>
    </div>
    <div
      className="day-0-1-3 currentMonth-0-1-5"
    >
      <div>
        <p
          className="dayOfMonth-0-1-6"
        >
          27
        </p>
      </div>
    </div>
    <div
      className="day-0-1-3 currentMonth-0-1-5"
    >
      <div>
        <p
          className="dayOfMonth-0-1-6"
        >
          28
        </p>
      </div>
    </div>
    <div
      className="weekTotal-0-1-15"
    >
      <div
        className="miles-0-1-16"
      >
        <p>
          0.00
        </p>
        <p>
          Miles
        </p>
      </div>
    </div>
  </div>
  <div
    className="week-0-1-2"
  >
    <div
      className="day-0-1-3 currentMonth-0-1-5"
    >
      <div>
        <p
          className="dayOfMonth-0-1-6"
        >
          29
        </p>
      </div>
    </div>
    <div
      className="day-0-1-3 currentMonth-0-1-5"
    >
      <div>
        <p
          className="dayOfMonth-0-1-6"
        >
          30
        </p>
      </div>
    </div>
    <div
      className="day-0-1-3 currentMonth-0-1-5"
    >
      <div>
        <p
          className="dayOfMonth-0-1-6"
        >
          31
        </p>
      </div>
    </div>
    <div
      className="day-0-1-3"
    >
      <div>
        <p
          className="dayOfMonth-0-1-6"
        >
          1
        </p>
      </div>
    </div>
    <div
      className="day-0-1-3"
    >
      <div>
        <p
          className="dayOfMonth-0-1-6"
        >
          2
        </p>
      </div>
    </div>
    <div
      className="day-0-1-3"
    >
      <div>
        <p
          className="dayOfMonth-0-1-6"
        >
          3
        </p>
      </div>
    </div>
    <div
      className="day-0-1-3"
    >
      <div>
        <p
          className="dayOfMonth-0-1-6"
        >
          4
        </p>
      </div>
    </div>
    <div
      className="weekTotal-0-1-15"
    >
      <div
        className="miles-0-1-16"
      >
        <p>
          0.00
        </p>
        <p>
          Miles
        </p>
      </div>
    </div>
  </div>
  <div
    className="week-0-1-2"
  >
    <div
      className="day-0-1-3"
    >
      <div>
        <p
          className="dayOfMonth-0-1-6"
        >
          5
        </p>
      </div>
    </div>
    <div
      className="day-0-1-3"
    >
      <div>
        <p
          className="dayOfMonth-0-1-6"
        >
          6
        </p>
      </div>
    </div>
    <div
      className="day-0-1-3"
    >
      <div>
        <p
          className="dayOfMonth-0-1-6"
        >
          7
        </p>
      </div>
    </div>
    <div
      className="day-0-1-3"
    >
      <div>
        <p
          className="dayOfMonth-0-1-6"
        >
          8
        </p>
      </div>
    </div>
    <div
      className="day-0-1-3"
    >
      <div>
        <p
          className="dayOfMonth-0-1-6"
        >
          9
        </p>
      </div>
    </div>
    <div
      className="day-0-1-3"
    >
      <div>
        <p
          className="dayOfMonth-0-1-6"
        >
          10
        </p>
      </div>
    </div>
    <div
      className="day-0-1-3"
    >
      <div>
        <p
          className="dayOfMonth-0-1-6"
        >
          11
        </p>
      </div>
    </div>
    <div
      className="weekTotal-0-1-15"
    >
      <div
        className="miles-0-1-16"
      >
        <p>
          0.00
        </p>
        <p>
          Miles
        </p>
      </div>
    </div>
  </div>
</div>
`;
