// Jest Snapshot v1, https://goo.gl/fbAQLP

exports[`PickTeam Snapshot Tests renders correctly 1`] = `
<div
  className="team-0-1-1"
>
  <div
    className="teamTitleHeader-0-1-2"
  >
    <p
      className="title-0-1-3"
    >
      SaintsXCTF Cross Country and Track & Field
    </p>
    <div
      className="ajTag-2-2-1 ajTag-d0-2-2-2 aj-tag memberTag-0-1-4 memberTag-d0-0-1-6"
    >
      <div
        className="memberTagContent-0-1-5"
        onClick={[Function]}
      >
        <p>
          Member - User
        </p>
        <p>
          O
        </p>
      </div>
    </div>
  </div>
  <div>
    <div
      className="pickGroups-0-1-7"
    />
    <div
      className="showMore-0-1-8"
    >
      <div
        onClick={[Function]}
      >
        <p>
          C
        </p>
        <p>
          Load More
        </p>
      </div>
    </div>
  </div>
</div>
`;
