// Jest Snapshot v1, https://goo.gl/fbAQLP

exports[`DefaultErrorPopup Snapshot Tests renders correctly 1`] = `
<div
  className="alertContainer-0-1-3"
>
  <div
    className="alert-0-1-4 alert-d0-0-1-8"
    data-cypress="alert"
  >
    <p
      className="alertIcon-0-1-5 alertIcon-d1-0-1-9"
    >
      
    </p>
    <div
      className="message-0-1-6"
    >
      Snapshot error
      . Try reloading the page. If this error persists, contact
       
      <a
        className="emailLink-0-1-1"
        href="mailto:andrew@jarombek.com"
      >
        andrew@jarombek.com
      </a>
      .
      <p
        className="retry-0-1-2"
        onClick={[Function]}
      >
        Retry
      </p>
    </div>
    <p
      className="closeIcon-0-1-7"
      data-cypress="alertCloseIcon"
      onClick={[Function]}
    >
      M
    </p>
  </div>
</div>
`;
