// Jest Snapshot v1, https://goo.gl/fbAQLP

exports[`renders correctly 1`] = `
<div
  className="exerciseLog-0-1-1 exerciseLog-d0-0-1-22 exerciseLog"
  onMouseLeave={[Function]}
  onMouseOver={[Function]}
>
  <div
    className="headerSection-0-1-2"
  >
    <div
      className="titles-0-1-3"
    >
      <a
        className="titleLink-0-1-4"
        href="/profile/andy"
        onClick={[Function]}
      >
        Andrew
         
        Jarombek
      </a>
      <h6
        className="title-0-1-5"
      >
        Test Log
      </h6>
    </div>
    <div
      className="metadata-0-1-6"
    >
      <p
        className="date-0-1-7"
      >
        Aug. 26th, 2020
      </p>
      <p
        className="type-0-1-8"
      >
        RUN
      </p>
    </div>
  </div>
  <div
    className="bodySection-0-1-9"
  >
    <div
      className="dataFields-0-1-10"
    >
      <p>
        Location: 
        New York, NY
      </p>
      <p>
        6.15
         
        miles
      </p>
      <p>
        41:51
         (
        6:48
        /mi)
      </p>
    </div>
    <div
      className="description-0-1-11"
    >
      Reservoir Loop
    </div>
  </div>
  <div
    className="commentSection-0-1-12"
  >
    <div
      className="comments-0-1-23 comments"
    >
      <div
        className="newCommentForm-0-1-24"
      >
        <textarea
          className="newComment-0-1-25 newComment-d0-0-1-37 blurNewComment-0-1-27"
          disabled={false}
          maxLength={1000}
          onChange={[Function]}
          onKeyUp={[Function]}
          placeholder="Comment"
        />
      </div>
      <div
        className="commentList commentList-0-1-31"
      />
    </div>
  </div>
</div>
`;
