// Jest Snapshot v1, https://goo.gl/fbAQLP

exports[`ExerciseLog Snapshot Tests renders correctly 1`] = `
<div
  className="exerciseLog-0-1-1 exerciseLog-d0-0-1-18 exerciseLog fairlyGood"
  onMouseLeave={[Function]}
  onMouseOver={[Function]}
>
  <div
    className="headerSection-0-1-2"
  >
    <div
      className="titles-0-1-3"
    >
      <a
        className="titleLink-0-1-4"
        data-cypress="exerciseLogUser"
        href="/profile/andy"
        onClick={[Function]}
      >
        Andrew
         
        Jarombek
      </a>
      <h6
        className="title-0-1-5"
        data-cypress="exerciseLogTitle"
      >
        Test Log
      </h6>
    </div>
    <div
      className="metadata-0-1-6"
    >
      <p
        className="date-0-1-7"
        data-cypress="exerciseLogDate"
      >
        Aug. 26th, 2020
      </p>
      <p
        className="type-0-1-8"
        data-cypress="exerciseLogType"
      >
        RUN
      </p>
    </div>
  </div>
  <div
    className="bodySection-0-1-9"
  >
    <div
      className="dataFields-0-1-10"
    >
      <p
        data-cypress="exerciseLogLocation"
      >
        Location: 
        New York, NY
      </p>
      <p
        data-cypress="exerciseLogDistance"
      >
        6.15
         
        miles
      </p>
      <p
        data-cypress="exerciseLogTimePace"
      >
        41:51
         
        (6:48/mi)
      </p>
    </div>
    <div
      className="description-0-1-11"
      data-cypress="exerciseLogDescription"
    >
      Reservoir Loop
    </div>
  </div>
  <div
    className="commentSection-0-1-12"
  >
    <div
      className="comments-0-1-19 comments"
    >
      <div
        className="newCommentForm-0-1-20"
      >
        <textarea
          className="newComment-0-1-21 newComment-d0-0-1-33 blurNewComment-0-1-23"
          disabled={false}
          maxLength={1000}
          onChange={[Function]}
          onKeyUp={[Function]}
          placeholder="Comment"
        />
      </div>
      <div
        className="commentList commentList-0-1-27"
      />
    </div>
  </div>
</div>
`;
