// Jest Snapshot v1, https://goo.gl/fbAQLP

exports[`renders correctly 1`] = `
<div
  className="sxctf-image-input"
  data-cypress="image-input-test1"
>
  <div
    className="no-icon"
  >
     
  </div>
  <input
    autoComplete=""
    name="test1"
    onChange={[Function]}
    placeholder="Test 1"
    type="text"
  />
  <div>
    <div
      className="status none"
    >
      <p />
    </div>
  </div>
</div>
`;
