// Jest Snapshot v1, https://goo.gl/fbAQLP

exports[`renders correctly 1`] = `
Array [
  <div
    className="sxctf-nav-bar sxctf-nav-bar-dropdown-hidden"
  >
    <figure
      className="sxctf-logo"
    >
      <img
        alt=""
        onClick={[Function]}
        src="test-file-stub"
      />
    </figure>
    <h1
      onClick={[Function]}
    >
      SaintsXCTF
    </h1>
    <div
      className="sxctf-nav-buttons"
    />
    <div
      className="sxctf-nav-hamburger"
    >
      <div
        className="aj-mobile-hamburger ajMobileHamburger-2-2-1"
        onClick={[Function]}
      >
        <button
          type="button"
        >
          <span
            className="aj-mobile-hamburger-inactive ajMobileHamburgerInactive-2-2-3"
          />
        </button>
      </div>
    </div>
  </div>,
  <div
    className="sxctf-nav-dropdown sxctf-nav-dropdown-hidden"
  >
    <div
      className="ajNavList-2-2-4 aj-nav-list"
    />
  </div>,
]
`;
