// Jest Snapshot v1, https://goo.gl/fbAQLP

exports[`NotFound Snapshot Tests renders correctly 1`] = `
<div
  className="container-0-1-1"
>
  <img
    alt=""
    className="logo-0-1-3"
    src="test-file-stub"
  />
  <h4
    className="title-0-1-4"
  >
    Page Not Found
  </h4>
  <p
    className="description-0-1-5"
  >
    The requested page is invalid or no longer exists.
  </p>
</div>
`;
