// Jest Snapshot v1, https://goo.gl/fbAQLP

exports[`StepSlider Snapshot Tests renders correctly 1`] = `
<div
  className="stepSlider-0-1-1 stepSlider"
  data-cypress="stepSlider"
  onMouseDown={[Function]}
  onTouchStart={[Function]}
>
  <div
    className="mainEdge-0-1-4 mainEdge-d1-0-1-12"
  >
    <div
      className="filledEdge-0-1-8 filledEdge-d2-0-1-13"
      style={
        Object {
          "backgroundColor": "#AAAAAA",
        }
      }
    />
    <div
      className="currentVertex-0-1-9 currentVertex-d3-0-1-14"
    >
      <div
        className="currentInnerVertex-0-1-10"
        style={
          Object {
            "backgroundColor": "#E3E3E3",
          }
        }
      />
    </div>
  </div>
  <div
    className="firstStep-0-1-3"
  >
    <div
      className="vertex-0-1-6"
      style={
        Object {
          "backgroundColor": "#AAAAAA",
        }
      }
    >
      <div
        className="innerVertex-0-1-7"
        style={
          Object {
            "backgroundColor": "transparent",
          }
        }
      />
    </div>
  </div>
  <div
    className="step-0-1-2 step-d0-0-1-11"
  >
    <div
      className="edge-0-1-5"
    >
       
    </div>
    <div
      className="vertex-0-1-6"
      style={
        Object {
          "backgroundColor": "#AAAAAA",
        }
      }
    >
      <div
        className="innerVertex-0-1-7"
        style={
          Object {
            "backgroundColor": "transparent",
          }
        }
      />
    </div>
  </div>
  <div
    className="step-0-1-2 step-d0-0-1-11"
  >
    <div
      className="edge-0-1-5"
    >
       
    </div>
    <div
      className="vertex-0-1-6"
      style={
        Object {
          "backgroundColor": "#AAAAAA",
        }
      }
    >
      <div
        className="innerVertex-0-1-7"
        style={
          Object {
            "backgroundColor": "transparent",
          }
        }
      />
    </div>
  </div>
  <div
    className="step-0-1-2 step-d0-0-1-11"
  >
    <div
      className="edge-0-1-5"
    >
       
    </div>
    <div
      className="vertex-0-1-6"
      style={
        Object {
          "backgroundColor": "#AAAAAA",
        }
      }
    >
      <div
        className="innerVertex-0-1-7"
        style={
          Object {
            "backgroundColor": "transparent",
          }
        }
      />
    </div>
  </div>
  <div
    className="step-0-1-2 step-d0-0-1-11"
  >
    <div
      className="edge-0-1-5"
    >
       
    </div>
    <div
      className="vertex-0-1-6"
      style={
        Object {
          "backgroundColor": "#AAAAAA",
        }
      }
    >
      <div
        className="innerVertex-0-1-7"
        style={
          Object {
            "backgroundColor": "transparent",
          }
        }
      />
    </div>
  </div>
  <div
    className="step-0-1-2 step-d0-0-1-11"
  >
    <div
      className="edge-0-1-5"
    >
       
    </div>
    <div
      className="vertex-0-1-6"
      style={
        Object {
          "backgroundColor": "#BBB",
        }
      }
    >
      <div
        className="innerVertex-0-1-7"
        style={
          Object {
            "backgroundColor": "#E3E3E3",
          }
        }
      />
    </div>
  </div>
  <div
    className="step-0-1-2 step-d0-0-1-11"
  >
    <div
      className="edge-0-1-5"
    >
       
    </div>
    <div
      className="vertex-0-1-6"
      style={
        Object {
          "backgroundColor": "#BBB",
        }
      }
    >
      <div
        className="innerVertex-0-1-7"
        style={
          Object {
            "backgroundColor": "#C7F599",
          }
        }
      />
    </div>
  </div>
  <div
    className="step-0-1-2 step-d0-0-1-11"
  >
    <div
      className="edge-0-1-5"
    >
       
    </div>
    <div
      className="vertex-0-1-6"
      style={
        Object {
          "backgroundColor": "#BBB",
        }
      }
    >
      <div
        className="innerVertex-0-1-7"
        style={
          Object {
            "backgroundColor": "#99D699",
          }
        }
      />
    </div>
  </div>
  <div
    className="step-0-1-2 step-d0-0-1-11"
  >
    <div
      className="edge-0-1-5"
    >
       
    </div>
    <div
      className="vertex-0-1-6"
      style={
        Object {
          "backgroundColor": "#BBB",
        }
      }
    >
      <div
        className="innerVertex-0-1-7"
        style={
          Object {
            "backgroundColor": "#99C199",
          }
        }
      />
    </div>
  </div>
  <div
    className="step-0-1-2 step-d0-0-1-11"
  >
    <div
      className="edge-0-1-5"
    >
       
    </div>
    <div
      className="vertex-0-1-6"
      style={
        Object {
          "backgroundColor": "#BBB",
        }
      }
    >
      <div
        className="innerVertex-0-1-7"
        style={
          Object {
            "backgroundColor": "#A3A3FF",
          }
        }
      />
    </div>
  </div>
</div>
`;
