// Jest Snapshot v1, https://goo.gl/fbAQLP

exports[`ForgotPassword Snapshot Tests renders correctly 1`] = `
<div
  className="forgotPassword-0-1-1"
>
  <div
    className="sxctf-nav-bar sxctf-nav-bar-dropdown-hidden dry-0-1-11 lightTheme-0-1-2 lightDropdownHeaderTheme-0-1-7"
  >
    <figure
      className="sxctf-logo"
    >
      <img
        alt=""
        onClick={[Function]}
        src="test-file-stub"
      />
    </figure>
    <h1
      onClick={[Function]}
    >
      SaintsXCTF
    </h1>
    <div
      className="sxctf-nav-buttons"
    >
      <div
        className="ajBaseButton-2-2-4 ajBaseButtonEnabled-2-2-5 aj-text-button ajTextButton-2-2-1 ajTextButtonEnabled-2-2-2 homeButton"
        onClick={[Function]}
      >
        <button
          disabled={false}
          type="button"
        >
          Home
        </button>
      </div>
      <div
        className="ajBaseButton-2-2-4 ajBaseButtonEnabled-2-2-5 aj-outlined-button ajOutlinedButton-2-2-7 ajOutlinedButtonEnabled-2-2-8 registerButton"
        onClick={[Function]}
      >
        <button
          disabled={false}
          type="button"
        >
          Register
        </button>
      </div>
      <div
        className="ajBaseButton-2-2-4 ajBaseButtonEnabled-2-2-5 aj-contained-button ajContainedButton-2-2-10 ajContainedButtonEnabled-2-2-11 signInButton"
        onClick={[Function]}
      >
        <button
          disabled={false}
          type="button"
        >
          Sign In
        </button>
      </div>
    </div>
    <div
      className="sxctf-nav-hamburger"
    >
      <div
        className="aj-mobile-hamburger ajMobileHamburger-2-2-13"
        onClick={[Function]}
      >
        <button
          type="button"
        >
          <span
            className="aj-mobile-hamburger-inactive ajMobileHamburgerInactive-2-2-15"
          />
        </button>
      </div>
    </div>
  </div>
  <div
    className="sxctf-nav-dropdown sxctf-nav-dropdown-hidden dryDropdown-0-1-13 lightDropdownTheme-0-1-5"
  >
    <div
      className="ajNavList-2-2-16 aj-nav-list"
    >
      <div
        className="ajNavListItem-2-2-17 aj-nav-list-item"
      >
        <div
          onClick={[Function]}
        >
          <div>
            Home
          </div>
        </div>
      </div>
      <div
        className="ajNavListItem-2-2-17 aj-nav-list-item"
      >
        <div
          onClick={[Function]}
        >
          <div>
            Register
          </div>
        </div>
      </div>
      <div
        className="ajNavListItem-2-2-17 aj-nav-list-item"
      >
        <div
          onClick={[Function]}
        >
          <div>
            Sign In
          </div>
        </div>
      </div>
      <div
        className="ajNavListItem-2-2-17 aj-nav-list-item ajNavListLastItem-2-2-18 aj-nav-list-last-item"
      >
        <div
          onClick={[Function]}
        >
          <div>
            <img
              alt=""
              className="mobile-dropdown-logo"
              src="test-file-stub"
            />
          </div>
        </div>
      </div>
    </div>
  </div>
  <div
    className="sxctf-forgot-password-body"
  >
    <div>
      <h2>
        Forgot Password
      </h2>
      <h5>
        Enter your Email Address or Username to receive a reset code:
      </h5>
      <div
        className="sxctf-image-input"
      >
        <img
          alt=""
          src="test-file-stub"
        />
        <input
          autoComplete=""
          maxLength={50}
          name="email"
          onChange={[Function]}
          placeholder="Email or Username"
          type="text"
        />
        <div>
          <div
            className="status none"
          >
            <p />
          </div>
        </div>
      </div>
      <div
        className="form-buttons"
      >
        <div
          className="ajBaseButton-2-2-4 ajBaseButtonDisabled-2-2-6 aj-contained-button ajContainedButton-2-2-10 ajContainedButtonDisabled-2-2-12 button-0-1-20"
          onClick={null}
        >
          <button
            disabled={true}
            type="button"
          >
            <p>
              Send
            </p>
          </button>
        </div>
      </div>
    </div>
  </div>
</div>
`;
